[data] loaded materialised cache cache/materialized_20000.pkl (20,000 molecules) -- skipped 20,000 random lmdb lookups
================================================================================================
SEED 42   (m = multiplier on the heuristic per-category radius; m=1 is the heuristic)
================================================================================================
          category  n_train  argmax m   dlogL vs m=1    profile (logL - logL@1)
             ani2x      884      3.00         +288.7   -62 -56 -46 -34 -18 +0 +19 +50 +101 +148 +187 +248 +289
      biomolecules     3195      3.00         +701.6   -248 -203 -155 -106 -54 +0 +56 +140 +274 +390 +484 +618 +702
            elytes     3163      1.25          +15.6   -118 -89 -61 -36 -15 +0 +10 +16 +3 -41 -106 -258 -429
        geom_orca6      813      3.00         +213.6   -67 -61 -50 -36 -18 +0 +19 +45 +85 +118 +145 +186 +214
   metal_complexes     3242      3.00         +344.5   -66 -62 -54 -41 -22 +0 +25 +66 +135 +199 +251 +316 +344
     orbnet_denali      198      3.00          +22.8   -32 -25 -17 -11 -5 +0 +4 +9 +15 +18 +20 +22 +23
        reactivity     3172      3.00         +927.4   -109 -102 -89 -68 -39 +0 +47 +129 +281 +431 +565 +777 +927
               rgd      302      3.00          +96.4   -29 -26 -22 -15 -8 +0 +8 +21 +39 +55 +68 +85 +96
             spice      180      3.00          +22.4   -28 -21 -15 -9 -4 +0 +4 +8 +13 +16 +19 +21 +22
           trans1x      851      3.00         +308.1   -64 -58 -49 -36 -19 +0 +21 +54 +110 +160 +202 +265 +308
             TOTAL                           +2941.2   (sum over categories of the gain from re-optimising each radius)
  grid: [0.5  0.6  0.7  0.8  0.9  1.   1.1  1.25 1.5  1.75 2.   2.5  3.  ]

================================================================================================
SEED 7   (m = multiplier on the heuristic per-category radius; m=1 is the heuristic)
================================================================================================
          category  n_train  argmax m   dlogL vs m=1    profile (logL - logL@1)
             ani2x      882      3.00         +282.5   -55 -50 -42 -31 -16 +0 +18 +46 +95 +140 +179 +240 +282
      biomolecules     3225      3.00         +705.5   -231 -192 -150 -104 -53 +0 +56 +140 +274 +390 +484 +620 +706
            elytes     3173      1.25          +28.2   -139 -109 -80 -50 -23 +0 +16 +28 +15 -36 -106 -262 -433
        geom_orca6      808      3.00         +210.3   -71 -64 -52 -36 -19 +0 +18 +44 +82 +114 +141 +182 +210
   metal_complexes     3256      3.00         +368.3   -66 -62 -53 -40 -22 +0 +24 +63 +135 +206 +264 +338 +368
     orbnet_denali      198      3.00          +22.9   -32 -24 -17 -10 -5 +0 +4 +9 +14 +18 +20 +22 +23
        reactivity     3155      3.00         +913.1   -122 -113 -98 -75 -42 +0 +50 +137 +292 +440 +570 +772 +913
               rgd      282      3.00          +84.7   -24 -22 -19 -14 -7 +0 +7 +19 +35 +49 +60 +75 +85
             spice      175      3.00          +20.9   -28 -21 -15 -9 -4 +0 +3 +8 +13 +16 +18 +20 +21
           trans1x      846      3.00         +304.4   -62 -57 -48 -35 -19 +0 +21 +54 +109 +158 +199 +261 +304
             TOTAL                           +2940.9   (sum over categories of the gain from re-optimising each radius)
  grid: [0.5  0.6  0.7  0.8  0.9  1.   1.1  1.25 1.5  1.75 2.   2.5  3.  ]

================================================================================================
SEED 123   (m = multiplier on the heuristic per-category radius; m=1 is the heuristic)
================================================================================================
          category  n_train  argmax m   dlogL vs m=1    profile (logL - logL@1)
             ani2x      862      3.00         +285.1   -56 -51 -42 -30 -16 +0 +18 +45 +93 +138 +178 +241 +285
      biomolecules     3270      3.00         +719.5   -240 -198 -153 -105 -54 +0 +56 +142 +278 +397 +495 +634 +720
            elytes     3160      1.25          +16.6   -127 -98 -70 -42 -18 +0 +11 +17 +1 -43 -108 -260 -429
        geom_orca6      797      3.00         +214.4   -65 -60 -49 -35 -18 +0 +18 +43 +81 +113 +141 +185 +214
   metal_complexes     3241      3.00         +381.7   -62 -59 -51 -38 -21 +0 +23 +61 +133 +207 +270 +351 +382
     orbnet_denali      199      3.00          +21.8   -32 -25 -18 -11 -5 +0 +4 +9 +15 +18 +20 +22 +22
        reactivity     3164      3.00         +913.1   -107 -100 -88 -67 -38 +0 +47 +129 +280 +427 +559 +767 +913
               rgd      310      3.00          +93.0   -28 -26 -21 -15 -8 +0 +8 +21 +39 +54 +66 +83 +93
             spice      170      3.00          +20.4   -27 -20 -14 -8 -4 +0 +3 +7 +12 +15 +17 +19 +20
           trans1x      827      3.00         +294.6   -66 -59 -49 -36 -19 +0 +21 +54 +107 +154 +194 +254 +295
             TOTAL                           +2960.2   (sum over categories of the gain from re-optimising each radius)
  grid: [0.5  0.6  0.7  0.8  0.9  1.   1.1  1.25 1.5  1.75 2.   2.5  3.  ]

================================================================================================
VERDICT
================================================================================================
          category          argmax m per seed    mean
             ani2x                 [3. 3. 3.]    3.00
      biomolecules                 [3. 3. 3.]    3.00
            elytes           [1.25 1.25 1.25]    1.25
        geom_orca6                 [3. 3. 3.]    3.00
   metal_complexes                 [3. 3. 3.]    3.00
     orbnet_denali                 [3. 3. 3.]    3.00
        reactivity                 [3. 3. 3.]    3.00
               rgd                 [3. 3. 3.]    3.00
             spice                 [3. 3. 3.]    3.00
           trans1x                 [3. 3. 3.]    3.00

  If argmax m clusters near 1, the neighbour-count heuristic is already at
  the likelihood optimum and MCMC over this parameterisation buys nothing.
  If it clusters away from 1 and consistently across seeds, the likelihood
  wants a different allocation and the MCMC campaign is justified.
