loaded 9 arms: ['global', 'percat', 'matched'] x seeds [7, 42, 123]

========================================================================================================
ACCURACY AND SPARSITY
========================================================================================================
      arm     density    OLS R2     GP R2  kernel adds  warn
   global  3.8592e-02    0.5971    0.6372      +0.0402     0
   percat  2.7493e-02    0.5971    0.6379      +0.0408     0
  matched  3.8592e-02    0.5971    0.6443      +0.0473     0

========================================================================================================
UNCERTAINTY: does a per-category radius make sigma* a better ranker?
========================================================================================================
      arm |  rho(sigma*)   top5% |  rho(dist-NN)  rho(size+cat) |  sigma* - dNN      SE    verdict
--------------------------------------------------------------------------------------------------------
   global |      +0.2248   0.225 |       +0.3200        +0.2432 |       -0.0952  0.0207   baseline
   percat |      +0.2410   0.208 |       +0.3124        +0.2514 |       -0.0714  0.0230   baseline
  matched |      +0.2438   0.183 |       +0.3148        +0.2544 |       -0.0710  0.0203   baseline

========================================================================================================
PAIRED CHANGE vs the GLOBAL-RADIUS baseline, per seed
========================================================================================================
      arm    d GP_R2   d rho(sigma*)   d [sigma*-dNN]       SE
   percat    +0.0006         +0.0163          +0.0238   0.0154
  matched    +0.0071         +0.0190          +0.0242   0.0160

========================================================================================================
PER-CATEGORY: radius ratio vs global, and rho(sigma*,|err|) by arm
========================================================================================================
          category  rho_wl/glob  rho_gm/glob    global    percat   matched
             ani2x        1.205        1.159    +0.387    +0.404    +0.406
      biomolecules        1.092        0.671    +0.073    +0.081    +0.078
            elytes        1.174        1.119    +0.117    +0.116    +0.126
        geom_orca6        1.075        0.998    +0.375    +0.367    +0.368
   metal_complexes        0.662        1.159    +0.096    +0.129    +0.137
     orbnet_denali        2.775        2.697        --        --        --
        reactivity        0.875        0.882    +0.205    +0.195    +0.203
               rgd        1.623        1.222    +0.059    +0.080    +0.066
             spice        4.869        2.982        --        --        --
           trans1x        1.282        0.939    +0.517    +0.615    +0.591
  (categories with <15 test points in a seed are skipped for that seed)
